
Discarded input sections

 .group         0x0000000000000000        0xc build/src/briey_main.o
 .group         0x0000000000000000        0xc build/src/briey_main.o
 .group         0x0000000000000000        0xc build/src/briey_main.o
 .group         0x0000000000000000        0xc build/src/briey_main.o
 .group         0x0000000000000000        0xc build/src/briey_main.o
 .group         0x0000000000000000        0xc build/src/briey_main.o
 .group         0x0000000000000000        0xc build/src/briey_main.o
 .group         0x0000000000000000        0xc build/src/briey_main.o
 .group         0x0000000000000000        0xc build/src/briey_main.o
 .group         0x0000000000000000        0xc build/src/briey_main.o
 .group         0x0000000000000000        0xc build/src/briey_main.o
 .group         0x0000000000000000        0xc build/src/briey_main.o
 .group         0x0000000000000000        0xc build/src/briey_main.o
 .group         0x0000000000000000        0xc build/src/briey_main.o
 .group         0x0000000000000000        0xc build/src/briey_main.o
 .group         0x0000000000000000        0xc build/src/briey_main.o
 .group         0x0000000000000000        0xc build/src/briey_main.o
 .group         0x0000000000000000        0xc build/src/briey_main.o
 .group         0x0000000000000000        0xc build/src/briey_main.o
 .group         0x0000000000000000        0xc build/src/briey_main.o
 .group         0x0000000000000000        0xc build/src/briey_main.o
 .group         0x0000000000000000        0xc build/src/briey_main.o
 .group         0x0000000000000000        0xc build/src/briey_main.o
 .group         0x0000000000000000        0xc build/src/briey_main.o
 .group         0x0000000000000000        0xc build/src/briey_main.o
 .group         0x0000000000000000        0xc build/src/briey_main.o
 .group         0x0000000000000000        0xc build/src/briey_main.o
 .group         0x0000000000000000        0xc build/src/briey_main.o
 .group         0x0000000000000000        0xc build/src/briey_main.o
 .group         0x0000000000000000        0xc build/src/briey_main.o
 .group         0x0000000000000000        0xc build/src/briey_main.o
 .group         0x0000000000000000        0xc build/src/briey_main.o
 .group         0x0000000000000000        0xc build/src/briey_main.o
 .group         0x0000000000000000        0xc build/src/briey_main.o
 .group         0x0000000000000000        0xc build/src/briey_main.o
 .group         0x0000000000000000        0xc build/src/briey_main.o
 .group         0x0000000000000000        0xc build/src/briey_main.o
 .group         0x0000000000000000        0xc build/src/briey_main.o

Memory Configuration

Name             Origin             Length             Attributes
onChipRam        0x0000000080000000 0x0000000000001000 w !xr
sdram            0x0000000040000000 0x0000000004000000 w !xr
*default*        0x0000000000000000 0xffffffffffffffff

Linker script and memory map

LOAD build/src/briey_main.o
LOAD build/src/briey_crt.o
LOAD /opt/riscv32im-elf-tc/lib/gcc/riscv32-unknown-elf/8.3.0/libgcc.a
                0x0000000000000800                _stack_size = 0x800
                0x0000000000000000                _heap_size = 0x0

.vector         0x0000000080000000      0x13c
 *crt.o(.text)
 .text          0x0000000080000000      0x13c build/src/briey_crt.o
                0x0000000080000000                crtStart
                0x0000000080000020                trap_entry

.memory         0x0000000040000000      0x328
 *(.text)
 .text          0x0000000040000000      0x328 build/src/briey_main.o
                0x0000000040000238                print
                0x000000004000028c                main
                0x000000004000030c                irqCallback
                0x0000000040000328                end = .

.rodata         0x0000000040000328      0x110
 *(.rdata)
 *(.rodata .rodata.*)
 .rodata        0x0000000040000328      0x110 build/src/briey_main.o
 *(.gnu.linkonce.r.*)

.rela.dyn       0x0000000040000438        0x0
 .rela.text     0x0000000040000438        0x0 build/src/briey_main.o

.ctors          0x0000000040000438        0x0
                0x0000000040000438                . = ALIGN (0x4)
                0x0000000040000438                _ctors_start = .
 *(.init_array*)
 *(SORT_BY_NAME(.ctors.*))
 *(.ctors)
                0x0000000040000438                . = ALIGN (0x4)
                0x0000000040000438                _ctors_end = .

.data           0x0000000040000438        0x0
 *(.rdata)
 *(.rodata .rodata.*)
 *(.gnu.linkonce.r.*)
 *(.data .data.*)
 .data          0x0000000040000438        0x0 build/src/briey_main.o
 .data          0x0000000040000438        0x0 build/src/briey_crt.o
 *(.gnu.linkonce.d.*)
                0x0000000040000438                . = ALIGN (0x8)
                0x0000000040000c38                PROVIDE (__global_pointer$ = (. + 0x800))
 *(.sdata .sdata.*)
 *(.gnu.linkonce.s.*)
                0x0000000040000438                . = ALIGN (0x8)
 *(.srodata.cst16)
 *(.srodata.cst8)
 *(.srodata.cst4)
 *(.srodata.cst2)
 *(.srodata .srodata.*)

.bss            0x0000000040000438        0x0
                0x0000000040000438                . = ALIGN (0x4)
                0x0000000040000438                _bss_start = .
 *(.sbss*)
 *(.gnu.linkonce.sb.*)
 *(.bss .bss.*)
 .bss           0x0000000040000438        0x0 build/src/briey_main.o
 .bss           0x0000000040000438        0x0 build/src/briey_crt.o
 *(.gnu.linkonce.b.*)
 *(COMMON)
                0x0000000040000438                . = ALIGN (0x4)
                0x0000000040000438                _bss_end = .

.noinit         0x0000000040000438        0x0
                0x0000000040000438                . = ALIGN (0x4)
 *(.noinit .noinit.*)
                0x0000000040000438                . = ALIGN (0x4)

._user_heap     0x0000000040000438        0x0
                0x0000000040000438                . = ALIGN (0x8)
                [!provide]                        PROVIDE (end = .)
                [!provide]                        PROVIDE (_end = .)
                [!provide]                        PROVIDE (_heap_start = .)
                0x0000000040000438                . = (. + _heap_size)
                0x0000000040000438                . = ALIGN (0x8)
                [!provide]                        PROVIDE (_heap_end = .)

._stack         0x000000008000013c      0x804
                0x0000000080000140                . = ALIGN (0x10)
 *fill*         0x000000008000013c        0x4 
                [!provide]                        PROVIDE (_stack_end = .)
                0x0000000080000940                . = (. + _stack_size)
 *fill*         0x0000000080000140      0x800 
                0x0000000080000940                . = ALIGN (0x10)
                0x0000000080000940                PROVIDE (_stack_start = .)
OUTPUT(build/briey.elf elf32-littleriscv)

.debug_info     0x0000000000000000      0xe27
 .debug_info    0x0000000000000000      0xe01 build/src/briey_main.o
 .debug_info    0x0000000000000e01       0x26 build/src/briey_crt.o

.debug_abbrev   0x0000000000000000      0x2cd
 .debug_abbrev  0x0000000000000000      0x2b9 build/src/briey_main.o
 .debug_abbrev  0x00000000000002b9       0x14 build/src/briey_crt.o

.debug_aranges  0x0000000000000000       0x40
 .debug_aranges
                0x0000000000000000       0x20 build/src/briey_main.o
 .debug_aranges
                0x0000000000000020       0x20 build/src/briey_crt.o

.debug_macro    0x0000000000000000     0x1ab7
 .debug_macro   0x0000000000000000      0x268 build/src/briey_main.o
 .debug_macro   0x0000000000000268      0x748 build/src/briey_main.o
 .debug_macro   0x00000000000009b0       0x22 build/src/briey_main.o
 .debug_macro   0x00000000000009d2       0x46 build/src/briey_main.o
 .debug_macro   0x0000000000000a18       0x19 build/src/briey_main.o
 .debug_macro   0x0000000000000a31       0x94 build/src/briey_main.o
 .debug_macro   0x0000000000000ac5       0x34 build/src/briey_main.o
 .debug_macro   0x0000000000000af9       0x34 build/src/briey_main.o
 .debug_macro   0x0000000000000b2d       0x16 build/src/briey_main.o
 .debug_macro   0x0000000000000b43       0x57 build/src/briey_main.o
 .debug_macro   0x0000000000000b9a       0x97 build/src/briey_main.o
 .debug_macro   0x0000000000000c31      0x330 build/src/briey_main.o
 .debug_macro   0x0000000000000f61       0xfd build/src/briey_main.o
 .debug_macro   0x000000000000105e       0x10 build/src/briey_main.o
 .debug_macro   0x000000000000106e       0x52 build/src/briey_main.o
 .debug_macro   0x00000000000010c0       0x1f build/src/briey_main.o
 .debug_macro   0x00000000000010df       0x43 build/src/briey_main.o
 .debug_macro   0x0000000000001122       0x20 build/src/briey_main.o
 .debug_macro   0x0000000000001142      0x18e build/src/briey_main.o
 .debug_macro   0x00000000000012d0       0x10 build/src/briey_main.o
 .debug_macro   0x00000000000012e0       0x6a build/src/briey_main.o
 .debug_macro   0x000000000000134a       0x1c build/src/briey_main.o
 .debug_macro   0x0000000000001366       0x52 build/src/briey_main.o
 .debug_macro   0x00000000000013b8       0x40 build/src/briey_main.o
 .debug_macro   0x00000000000013f8       0x10 build/src/briey_main.o
 .debug_macro   0x0000000000001408       0x40 build/src/briey_main.o
 .debug_macro   0x0000000000001448       0xd7 build/src/briey_main.o
 .debug_macro   0x000000000000151f       0x1c build/src/briey_main.o
 .debug_macro   0x000000000000153b       0x3d build/src/briey_main.o
 .debug_macro   0x0000000000001578       0x16 build/src/briey_main.o
 .debug_macro   0x000000000000158e      0x16f build/src/briey_main.o
 .debug_macro   0x00000000000016fd       0x16 build/src/briey_main.o
 .debug_macro   0x0000000000001713       0x35 build/src/briey_main.o
 .debug_macro   0x0000000000001748       0xef build/src/briey_main.o
 .debug_macro   0x0000000000001837      0x1df build/src/briey_main.o
 .debug_macro   0x0000000000001a16       0x16 build/src/briey_main.o
 .debug_macro   0x0000000000001a2c       0x16 build/src/briey_main.o
 .debug_macro   0x0000000000001a42       0x29 build/src/briey_main.o
 .debug_macro   0x0000000000001a6b       0x4c build/src/briey_main.o

.debug_line     0x0000000000000000      0x789
 .debug_line    0x0000000000000000      0x5b3 build/src/briey_main.o
 .debug_line    0x00000000000005b3      0x1d6 build/src/briey_crt.o

.debug_str      0x0000000000000000     0x7616
 .debug_str     0x0000000000000000     0x75fa build/src/briey_main.o
                                       0x7836 (size before relaxing)
 .debug_str     0x00000000000075fa       0x1c build/src/briey_crt.o
                                         0x56 (size before relaxing)

.comment        0x0000000000000000       0x11
 .comment       0x0000000000000000       0x11 build/src/briey_main.o
                                         0x12 (size before relaxing)

.riscv.attributes
                0x0000000000000000       0x1f
 .riscv.attributes
                0x0000000000000000       0x1f build/src/briey_main.o
 .riscv.attributes
                0x000000000000001f       0x1f build/src/briey_crt.o

.debug_frame    0x0000000000000000      0x1c0
 .debug_frame   0x0000000000000000      0x1c0 build/src/briey_main.o
